 SENTINEL CONTROL CENTER                                                                                ● 2 daemons · 3 active · 1 attention
REPOSITORIES                                     WORKTREES
> vas.sentinel          ● owned                  > main               main                     clean
  ue.capability.analizer ● external                tui-control-center feat/tui-control-center  clean
  iseoane.dots          ○ stopped                  f8-t8-2-own-diff   feat/f8-t8-2-own-diff    2 runs
                                                 
                                                 ACTIVITY
                                                   ⠹ gate pre-push  review · security      02:14
                                                   ⏸ review         decision required      05:32
                                                   ✓ review         passed                 01:48
────────────────────────────────────────────────────────────────────────────────────────────────────────────────────────────────────────────
 Repository  vas.sentinel
 Worktree    ~/0-workspace/vas.sentinel  ·  branch main  ·  clean
 Selected    gate pre-push · run 01K9Q… · state running · stage review/security
────────────────────────────────────────────────────────────────────────────────────────────────────────────────────────────────────────────
 ↑↓ navigate · enter open · a abort · r retry · / filter · ? help · q quit 