 ══════════════════════════════════════════════════════════════════════════════════════════════════════════════════════════════════════════ 
 VCSENTINEL CONTROL CENTER                                                                              ● 2 daemons · 3 active · 1 attention
 ══════════════════════════════════════════════════════════════════════════════════════════════════════════════════════════════════════════ 
 REPOSITORIES                                │  LOCATION                                                                                    
 ▾ vcsentinel             ● managed          │  Repository   vcsentinel                                                                     
   ├─ main              clean                │  Path         /home/operator/workspace/vcsentinel                                            
   ├─ tui-control-cente 2 runs               │  Worktree     main · ~/workspace/vcsentinel                                                  
   └─ ⚠ f8-t8-2-own-dif 1 attention          │  Branch       main                                                                           
 ▸ ue.capability.analizer ● manual           │  Origin       git@github.com:ISeoane-Quental/vcSentinel                                      
 ▸ iseoane.dots           ● stopped          │  Daemon       ● managed by this session · pid 4321                                           
                                             │  Status       clean · 3 worktrees · 3 runs                                                   
                                             │  ═══════════════════════════════════════════════════════════════════════════════════════════ 
                                             │  ACTIVITY                                                                                    
                                             │  ⠹ —      gate pre-push   review · security   RUNNING  02:14                                 
                                             │  ⏸ —      review          decision required   DECISION 05:32                                 
                                             │  ✓ —      review          passed              PASSED   01:48                                 
 ══════════════════════════════════════════════════════════════════════════════════════════════════════════════════════════════════════════ 
 ↑↓ navigate · tab repos/activity · enter open · a abort · r retry · / filter · ? help · q quit                                             